Microchip MPLAB XC8 Compiler V2.45

Linker command line:

-W-3 \
  --edf=C:\Program Files\Microchip\xc8\v2.45\pic\dat\20230818022343_en.msgs \
  -cn -h+dist/default/production\CLASS7ADC_PWM.X.production.sym \
  --cmf=dist/default/production\CLASS7ADC_PWM.X.production.cmf -z -Q16F877A \
  -oC:\Users\Abinaya\AppData\Local\Temp\xcAscm8.\driver_tmp_3.o \
  --defsym=__MPLAB_BUILD=1 --fixupoverflow=error \
  -Mdist/default/production/CLASS7ADC_PWM.X.production.map \
  --md=C:\Users\Abinaya\AppData\Local\Temp\xcAscm8.\driver_tmp_0.dat -E1 \
  -ver=XC8 Compiler --acfsm=1493 -ACODE=00h-07FFhx4 -ASTRCODE=00h-01FFFh \
  -ASTRING=00h-0FFhx32 -ACONST=00h-0FFhx32 -AENTRY=00h-0FFhx32 \
  -ACOMMON=070h-07Fh -ABANK0=020h-06Fh -ABANK1=0A0h-0EFh \
  -ABANK2=0110h-016Fh -ABANK3=0190h-01EFh \
  -ARAM=020h-06Fh,0A0h-0EFh,0110h-016Fh,0190h-01EFh \
  -AABS1=020h-07Fh,0A0h-0EFh,0110h-016Fh,0190h-01EFh -ASFR0=00h-01Fh \
  -ASFR1=080h-09Fh -ASFR2=0100h-010Fh -ASFR3=0180h-018Fh \
  -ACONFIG=02007h-02007h -DCONFIG=2 -AIDLOC=02000h-02003h -DIDLOC=2 \
  -AEEDATA=00h-0FFh/02100h -peeprom_data=EEDATA -DEEDATA=2 -DCODE=2 \
  -DSTRCODE=2 -DSTRING=2 -DCONST=2 -DENTRY=2 \
  -preset_vec=00h,intentry,init,end_init -ppowerup=CODE -pcinit=CODE \
  -pfunctab=ENTRY -k \
  C:\Users\Abinaya\AppData\Local\Temp\xcAscm8.\driver_tmp_12.o \
  dist/default/production\CLASS7ADC_PWM.X.production.o 

Object code version is 3.11

Machine type is 16F877A



                Name                               Link     Load   Length Selector   Space Scale
C:\Users\Abinaya\AppData\Local\Temp\xcAscm8.\driver_tmp_12.o
                end_init                              0        0        3        0       0
                config                             2007     2007        1        0       4
dist/default/production\CLASS7ADC_PWM.X.production.o
                cinit                               7F3      7F3        D      FE6       0
                config                             2007     2007        1        0       4
                text8                               4E0      4E0       14      9C0       0
                text7                               4F4      4F4       15      9E8       0
                text6                               520      520       44      A40       0
                text5                               5AA      5AA       68      B54       0
                text4                               694      694       9D      D28       0
                text3                               564      564       46      AC8       0
                text2                               509      509       17      A12       0
                text1                               612      612       82      C24       0
                maintext                            731      731       C2      E62       0
                cstackBANK0                          34       34       13       20       1
                cstackCOMMON                         70       70        E       70       1
                clrtext                             4D8      4D8        8      9B0       0
                bssBANK0                             20       20       14       20       1

TOTAL           Name                               Link     Load   Length     Space
        CLASS   CODE           
                end_init                              0        0        3         0
                cinit                               7F3      7F3        D         0
                text8                               4E0      4E0       14         0
                text7                               4F4      4F4       15         0
                text6                               520      520       44         0
                text5                               5AA      5AA       68         0
                text4                               694      694       9D         0
                text3                               564      564       46         0
                text2                               509      509       17         0
                text1                               612      612       82         0
                maintext                            731      731       C2         0
                clrtext                             4D8      4D8        8         0

        CLASS   STRCODE        

        CLASS   STRING         

        CLASS   CONST          

        CLASS   ENTRY          

        CLASS   COMMON         
                cstackCOMMON                         70       70        E         1

        CLASS   BANK0          
                cstackBANK0                          34       34       13         1
                bssBANK0                             20       20       14         1

        CLASS   BANK1          

        CLASS   BANK2          

        CLASS   BANK3          

        CLASS   RAM            

        CLASS   ABS1           
                abs_s1                               7E       7E        2         1

        CLASS   SFR0           

        CLASS   SFR1           

        CLASS   SFR2           

        CLASS   SFR3           

        CLASS   CONFIG         
                config                             2007     2007        1         4

        CLASS   IDLOC          

        CLASS   EEDATA         

        CLASS   HEAP           

        CLASS   STACK          



SEGMENTS        Name                           Load    Length   Top    Selector   Space  Class     Delta

                reset_vec                      000000  000003  000003         0       0  CODE        2
                bssBANK0                       000020  000027  000047        20       1  BANK0       1
                cstackCOMMON                   000070  00000E  00007E        70       1  COMMON      1
                clrtext                        0004D8  000008  0004E0       9B0       0  CODE        2
                text8                          0004E0  000014  0004F4       9C0       0  CODE        2
                text7                          0004F4  000015  000509       9E8       0  CODE        2
                text2                          000509  000017  000520       A12       0  CODE        2
                text6                          000520  000044  000564       A40       0  CODE        2
                text3                          000564  000046  0005AA       AC8       0  CODE        2
                text5                          0005AA  000068  000612       B54       0  CODE        2
                text1                          000612  000082  000694       C24       0  CODE        2
                text4                          000694  00009D  000731       D28       0  CODE        2
                maintext                       000731  0000C2  0007F3       E62       0  CODE        2
                cinit                          0007F3  00000D  000800       FE6       0  CODE        2


UNUSED ADDRESS RANGES

        Name                Unused          Largest block    Delta
        BANK0            0047-006F             29           1
        BANK1            00A0-00EF             50           1
        BANK2            0110-016F             60           1
        BANK3            0190-01EF             60           1
        CODE             0003-04D7            4D5           2
                         0800-1FFF            800
        CONST            0003-04D7            100           2
                         0800-1FFF            100
        EEDATA           2100-21FF            100           2
        ENTRY            0003-04D7            100           2
                         0800-1FFF            100
        IDLOC            2000-2003              4           2
        RAM              0047-006F             29           1
                         00A0-00EF             50
                         0110-016F             60
                         0190-01EF             60
        SFR0             0000-001F             20           1
        SFR1             0080-009F             20           1
        SFR2             0100-010F             10           1
        SFR3             0180-018F             10           1
        STRCODE          0003-04D7            4D5           2
                         0800-1FFF           1800
        STRING           0003-04D7            100           2
                         0800-1FFF            100

                                  Symbol Table

?___aldiv                cstackBANK0  0034
?___lmul                 cstackCOMMON 0070
?___lwdiv                cstackCOMMON 0070
LCD_command@hex          cstackCOMMON 0072
LCD_data@hex             cstackCOMMON 0072
LCD_output@i             cstackBANK0  0037
LCD_output@j             cstackBANK0  0035
LCD_output@n             cstackCOMMON 007A
LCD_output@result        cstackBANK0  0034
_ADCON0                  (abs)        001F
_ADCON1                  (abs)        009F
_ADRESH                  (abs)        001E
_ADRESL                  (abs)        009E
_CCP1CON                 (abs)        0017
_CCPR1L                  (abs)        0015
_H_value                 bssBANK0     0032
_LCD_command             text2        0509
_LCD_data                text8        04E0
_LCD_output              text5        05AA
_L_value                 bssBANK0     0033
_PORTC                   (abs)        0007
_PORTD                   (abs)        0008
_PR2                     (abs)        0092
_RD7                     (abs)        0047
_T2CON                   (abs)        0012
_TRISA                   (abs)        0085
_TRISC                   (abs)        0087
_TRISD                   (abs)        0088
__H__absolute__          __absolute__ 0000
__Habs1                  abs1         0000
__Hbank0                 bank0        0000
__Hbank1                 bank1        0000
__Hbank2                 bank2        0000
__Hbank3                 bank3        0000
__HbssBANK0              bssBANK0     0000
__Hcinit                 cinit        0800
__Hclrtext               clrtext      0000
__Hcode                  code         0000
__Hcommon                common       0000
__Hconfig                config       2008
__HcstackBANK0           cstackBANK0  0000
__HcstackCOMMON          cstackCOMMON 0000
__Heeprom_data           eeprom_data  0000
__Hend_init              end_init     0003
__Hfunctab               functab      0000
__Hheap                  heap         0000
__Hinit                  init         0000
__Hintentry              intentry     0000
__Hmaintext              maintext     0000
__Hpowerup               powerup      0000
__Hram                   ram          0000
__Hreset_vec             reset_vec    0000
__Hsfr0                  sfr0         0000
__Hsfr1                  sfr1         0000
__Hsfr2                  sfr2         0000
__Hsfr3                  sfr3         0000
__Hspace_0               (abs)        0800
__Hspace_1               (abs)        007E
__Hspace_2               (abs)        0000
__Hspace_3               (abs)        0000
__Hspace_4               (abs)        400F
__Hstack                 stack        0000
__Hstrings               strings      0000
__Htext                  text         0000
__L__absolute__          __absolute__ 0000
__Labs1                  abs1         0000
__Lbank0                 bank0        0000
__Lbank1                 bank1        0000
__Lbank2                 bank2        0000
__Lbank3                 bank3        0000
__LbssBANK0              bssBANK0     0000
__Lcinit                 cinit        07F3
__Lclrtext               clrtext      0000
__Lcode                  code         0000
__Lcommon                common       0000
__Lconfig                config       0000
__LcstackBANK0           cstackBANK0  0000
__LcstackCOMMON          cstackCOMMON 0000
__Leeprom_data           eeprom_data  0000
__Lend_init              end_init     0000
__Lfunctab               functab      0000
__Lheap                  heap         0000
__Linit                  init         0000
__Lintentry              intentry     0000
__Lmaintext              maintext     0000
__Lpowerup               powerup      0000
__Lram                   ram          0000
__Lreset_vec             reset_vec    0000
__Lsfr0                  sfr0         0000
__Lsfr1                  sfr1         0000
__Lsfr2                  sfr2         0000
__Lsfr3                  sfr3         0000
__Lspace_0               (abs)        0000
__Lspace_1               (abs)        0000
__Lspace_2               (abs)        0000
__Lspace_3               (abs)        0000
__Lspace_4               (abs)        0000
__Lstack                 stack        0000
__Lstrings               strings      0000
__Ltext                  text         0000
__S0                     (abs)        0800
__S1                     (abs)        007E
__S3                     (abs)        0000
___aldiv                 text4        0694
___aldiv@counter         cstackBANK0  003C
___aldiv@dividend        cstackBANK0  0038
___aldiv@divisor         cstackBANK0  0034
___aldiv@quotient        cstackBANK0  003E
___aldiv@sign            cstackBANK0  003D
___bmul                  text7        04F4
___bmul@multiplicand     cstackCOMMON 0077
___bmul@multiplier       cstackCOMMON 0079
___bmul@product          cstackCOMMON 0078
___heap_hi               (abs)        0000
___heap_lo               (abs)        0000
___int_sp                stack        0000
___int_stack_hi          stack        0000
___int_stack_lo          stack        0000
___latbits               (abs)        0002
___lmul                  text3        0564
___lmul@multiplicand     cstackCOMMON 0074
___lmul@multiplier       cstackCOMMON 0070
___lmul@product          cstackCOMMON 0079
___lwdiv                 text6        0520
___lwdiv@counter         cstackCOMMON 0076
___lwdiv@dividend        cstackCOMMON 0072
___lwdiv@divisor         cstackCOMMON 0070
___lwdiv@quotient        cstackCOMMON 0074
___sp                    stack        0000
___stack_hi              stack        0000
___stack_lo              stack        0000
___stackhi               (abs)        0000
___stacklo               (abs)        0000
__end_of_LCD_command     text2        0520
__end_of_LCD_data        text8        04F4
__end_of_LCD_output      text5        0612
__end_of___aldiv         text4        0731
__end_of___bmul          text7        0509
__end_of___lmul          text3        05AA
__end_of___lwdiv         text6        0564
__end_of__initialization cinit        07FC
__end_of_init            text1        0694
__end_of_main            maintext     07F3
__initialization         cinit        07F3
__pbssBANK0              bssBANK0     0020
__pcstackBANK0           cstackBANK0  0034
__pcstackCOMMON          cstackCOMMON 0070
__pmaintext              maintext     0731
__ptext1                 text1        0612
__ptext2                 text2        0509
__ptext3                 text3        0564
__ptext4                 text4        0694
__ptext5                 text5        05AA
__ptext6                 text6        0520
__ptext7                 text7        04F4
__ptext8                 text8        04E0
_init                    text1        0612
_main                    maintext     0731
_num_arr                 bssBANK0     0020
_value                   bssBANK0     002E
_voltage                 bssBANK0     002A
btemp                    (abs)        007E
clear_ram0               clrtext      04D8
end_of_initialization    cinit        07FC
intlevel0                functab      0000
intlevel1                functab      0000
intlevel2                functab      0000
intlevel3                functab      0000
intlevel4                functab      0000
intlevel5                functab      0000
reset_vec                reset_vec    0000
start                    init         0000
start_initialization     cinit        07F3
wtemp0                   (abs)        007E


MODULE INFORMATION

Module		Function		Class		Link	Load	Size
C:\Program Files\Microchip\xc8\v2.45\pic\sources\c99\common\aldiv.c
		___aldiv       		CODE           	0694	0000	157

C:\Program Files\Microchip\xc8\v2.45\pic\sources\c99\common\aldiv.c estimated size: 157

C:\Program Files\Microchip\xc8\v2.45\pic\sources\c99\common\Umul8.c
		___bmul        		CODE           	04F4	0000	21

C:\Program Files\Microchip\xc8\v2.45\pic\sources\c99\common\Umul8.c estimated size: 21

class7ADC_PWM.c
		_init          		CODE           	0612	0000	130
		_main          		CODE           	0731	0000	194
		_LCD_output    		CODE           	05AA	0000	104
		_LCD_command   		CODE           	0509	0000	23
		_LCD_data      		CODE           	04E0	0000	20

class7ADC_PWM.c estimated size: 471

C:\Program Files\Microchip\xc8\v2.45\pic\sources\c99\common\Umul32.c
		___lmul        		CODE           	0564	0000	70

C:\Program Files\Microchip\xc8\v2.45\pic\sources\c99\common\Umul32.c estimated size: 70

shared
		__initialization		CODE           	07F3	0000	9

shared estimated size: 9

C:\Program Files\Microchip\xc8\v2.45\pic\sources\c99\common\lwdiv.c
		___lwdiv       		CODE           	0520	0000	68

C:\Program Files\Microchip\xc8\v2.45\pic\sources\c99\common\lwdiv.c estimated size: 68

