Microchip MPLAB XC8 Compiler V2.45

Linker command line:

-W-3 \
  --edf=C:\Program Files\Microchip\xc8\v2.45\pic\dat\20230818022343_en.msgs \
  -cn -h+dist/default/production\LCD_switch_week4.X.production.sym \
  --cmf=dist/default/production\LCD_switch_week4.X.production.cmf -z \
  -Q16F877A -oC:\Users\Abinaya\AppData\Local\Temp\xcAsa8g.\driver_tmp_3.o \
  --defsym=__MPLAB_BUILD=1 --fixupoverflow=error \
  -Mdist/default/production/LCD_switch_week4.X.production.map \
  --md=C:\Users\Abinaya\AppData\Local\Temp\xcAsa8g.\driver_tmp_0.dat -E1 \
  -ver=XC8 Compiler --acfsm=1493 -ACODE=00h-07FFhx4 -ASTRCODE=00h-01FFFh \
  -ASTRING=00h-0FFhx32 -ACONST=00h-0FFhx32 -AENTRY=00h-0FFhx32 \
  -ACOMMON=070h-07Fh -ABANK0=020h-06Fh -ABANK1=0A0h-0EFh \
  -ABANK2=0110h-016Fh -ABANK3=0190h-01EFh \
  -ARAM=020h-06Fh,0A0h-0EFh,0110h-016Fh,0190h-01EFh \
  -AABS1=020h-07Fh,0A0h-0EFh,0110h-016Fh,0190h-01EFh -ASFR0=00h-01Fh \
  -ASFR1=080h-09Fh -ASFR2=0100h-010Fh -ASFR3=0180h-018Fh \
  -ACONFIG=02007h-02007h -DCONFIG=2 -AIDLOC=02000h-02003h -DIDLOC=2 \
  -AEEDATA=00h-0FFh/02100h -peeprom_data=EEDATA -DEEDATA=2 -DCODE=2 \
  -DSTRCODE=2 -DSTRING=2 -DCONST=2 -DENTRY=2 \
  -preset_vec=00h,intentry,init,end_init -ppowerup=CODE -pcinit=CODE \
  -pfunctab=ENTRY -k \
  C:\Users\Abinaya\AppData\Local\Temp\xcAsa8g.\driver_tmp_12.o \
  dist/default/production\LCD_switch_week4.X.production.o 

Object code version is 3.11

Machine type is 16F877A



                Name                               Link     Load   Length Selector   Space Scale
C:\Users\Abinaya\AppData\Local\Temp\xcAsa8g.\driver_tmp_12.o
                end_init                              0        0        3        0       0
                config                             2007     2007        1        0       4
dist/default/production\LCD_switch_week4.X.production.o
                cinit                               7E0      7E0       20      FC0       0
                config                             2007     2007        1        0       4
                text8                               514      514       17      A28       0
                text7                               5B2      5B2       77      B64       0
                text6                               4EB      4EB       14      9D6       0
                text5                               4FF      4FF       15      9FE       0
                text4                               56E      56E       44      ADC       0
                text3                               549      549       25      A92       0
                text2                               6F5      6F5       EB      DEA       0
                text1                               629      629       CC      C52       0
                maintext                            4CA      4CA        E      994       0
                cstackBANK0                          4C       4C        A       20       1
                cstackCOMMON                         70       70        D       70       1
                inittext                            4D8      4D8       13      9B0       0
                dataBANK0                            20       20       1E       20       1
                bssBANK0                             3E       3E        E       20       1
                idataBANK0                          52B      52B       1E      A56       0

TOTAL           Name                               Link     Load   Length     Space
        CLASS   CODE           
                end_init                              0        0        3         0
                cinit                               7E0      7E0       20         0
                text8                               514      514       17         0
                text7                               5B2      5B2       77         0
                text6                               4EB      4EB       14         0
                text5                               4FF      4FF       15         0
                text4                               56E      56E       44         0
                text3                               549      549       25         0
                text2                               6F5      6F5       EB         0
                text1                               629      629       CC         0
                maintext                            4CA      4CA        E         0
                inittext                            4D8      4D8       13         0
                idataBANK0                          52B      52B       1E         0

        CLASS   STRCODE        

        CLASS   STRING         

        CLASS   CONST          

        CLASS   ENTRY          

        CLASS   COMMON         
                cstackCOMMON                         70       70        D         1

        CLASS   BANK0          
                cstackBANK0                          4C       4C        A         1
                dataBANK0                            20       20       1E         1
                bssBANK0                             3E       3E        E         1

        CLASS   BANK1          

        CLASS   BANK2          

        CLASS   BANK3          

        CLASS   RAM            

        CLASS   ABS1           
                abs_s1                               7E       7E        2         1

        CLASS   SFR0           

        CLASS   SFR1           

        CLASS   SFR2           

        CLASS   SFR3           

        CLASS   CONFIG         
                config                             2007     2007        1         4

        CLASS   IDLOC          

        CLASS   EEDATA         

        CLASS   HEAP           

        CLASS   STACK          



SEGMENTS        Name                           Load    Length   Top    Selector   Space  Class     Delta

                reset_vec                      000000  000003  000003         0       0  CODE        2
                dataBANK0                      000020  000036  000056        20       1  BANK0       1
                cstackCOMMON                   000070  00000D  00007D        70       1  COMMON      1
                maintext                       0004CA  00000E  0004D8       994       0  CODE        2
                inittext                       0004D8  000013  0004EB       9B0       0  CODE        2
                text6                          0004EB  000014  0004FF       9D6       0  CODE        2
                text5                          0004FF  000015  000514       9FE       0  CODE        2
                text8                          000514  000017  00052B       A28       0  CODE        2
                idataBANK0                     00052B  00001E  000549       A56       0  CODE        2
                text3                          000549  000025  00056E       A92       0  CODE        2
                text4                          00056E  000044  0005B2       ADC       0  CODE        2
                text7                          0005B2  000077  000629       B64       0  CODE        2
                text1                          000629  0000CC  0006F5       C52       0  CODE        2
                text2                          0006F5  0000EB  0007E0       DEA       0  CODE        2
                cinit                          0007E0  000020  000800       FC0       0  CODE        2


UNUSED ADDRESS RANGES

        Name                Unused          Largest block    Delta
        BANK0            0056-006F             1A           1
        BANK1            00A0-00EF             50           1
        BANK2            0110-016F             60           1
        BANK3            0190-01EF             60           1
        CODE             0003-04C9            4C7           2
                         0800-1FFF            800
        COMMON           007D-007D              1           1
        CONST            0003-04C9            100           2
                         0800-1FFF            100
        EEDATA           2100-21FF            100           2
        ENTRY            0003-04C9            100           2
                         0800-1FFF            100
        IDLOC            2000-2003              4           2
        RAM              0056-006F             1A           1
                         00A0-00EF             50
                         0110-016F             60
                         0190-01EF             60
        SFR0             0000-001F             20           1
        SFR1             0080-009F             20           1
        SFR2             0100-010F             10           1
        SFR3             0180-018F             10           1
        STRCODE          0003-04C9            4C7           2
                         0800-1FFF           1800
        STRING           0003-04C9            100           2
                         0800-1FFF            100

                                  Symbol Table

?___lwdiv                cstackCOMMON 0076
?___wmul                 cstackCOMMON 0070
LCD_command@hex          cstackCOMMON 0072
LCD_data@hex             cstackCOMMON 0072
LCD_output@i             cstackBANK0  004C
_LCD_PIC_init            text7        05B2
_LCD_command             text8        0514
_LCD_data                text6        04EB
_LCD_output              text2        06F5
_PORTB                   (abs)        0006
_PORTC                   (abs)        0007
_PORTD                   (abs)        0008
_TRISB                   (abs)        0086
_TRISC                   (abs)        0087
_TRISD                   (abs)        0088
__H__absolute__          __absolute__ 0000
__Habs1                  abs1         0000
__Hbank0                 bank0        0000
__Hbank1                 bank1        0000
__Hbank2                 bank2        0000
__Hbank3                 bank3        0000
__HbssBANK0              bssBANK0     0000
__Hcinit                 cinit        0800
__Hclrtext               clrtext      0000
__Hcode                  code         0000
__Hcommon                common       0000
__Hconfig                config       2008
__HcstackBANK0           cstackBANK0  0000
__HcstackCOMMON          cstackCOMMON 0000
__HdataBANK0             dataBANK0    0000
__Heeprom_data           eeprom_data  0000
__Hend_init              end_init     0003
__Hfunctab               functab      0000
__Hheap                  heap         0000
__HidataBANK0            idataBANK0   0000
__Hinit                  init         0000
__Hinittext              inittext     0000
__Hintentry              intentry     0000
__Hmaintext              maintext     0000
__Hpowerup               powerup      0000
__Hram                   ram          0000
__Hreset_vec             reset_vec    0000
__Hsfr0                  sfr0         0000
__Hsfr1                  sfr1         0000
__Hsfr2                  sfr2         0000
__Hsfr3                  sfr3         0000
__Hspace_0               (abs)        0800
__Hspace_1               (abs)        007D
__Hspace_2               (abs)        0000
__Hspace_3               (abs)        0000
__Hspace_4               (abs)        400F
__Hstack                 stack        0000
__Hstrings               strings      0000
__Htext                  text         0000
__L__absolute__          __absolute__ 0000
__Labs1                  abs1         0000
__Lbank0                 bank0        0000
__Lbank1                 bank1        0000
__Lbank2                 bank2        0000
__Lbank3                 bank3        0000
__LbssBANK0              bssBANK0     0000
__Lcinit                 cinit        07E0
__Lclrtext               clrtext      0000
__Lcode                  code         0000
__Lcommon                common       0000
__Lconfig                config       0000
__LcstackBANK0           cstackBANK0  0000
__LcstackCOMMON          cstackCOMMON 0000
__LdataBANK0             dataBANK0    0000
__Leeprom_data           eeprom_data  0000
__Lend_init              end_init     0000
__Lfunctab               functab      0000
__Lheap                  heap         0000
__LidataBANK0            idataBANK0   0000
__Linit                  init         0000
__Linittext              inittext     0000
__Lintentry              intentry     0000
__Lmaintext              maintext     0000
__Lpowerup               powerup      0000
__Lram                   ram          0000
__Lreset_vec             reset_vec    0000
__Lsfr0                  sfr0         0000
__Lsfr1                  sfr1         0000
__Lsfr2                  sfr2         0000
__Lsfr3                  sfr3         0000
__Lspace_0               (abs)        0000
__Lspace_1               (abs)        0000
__Lspace_2               (abs)        0000
__Lspace_3               (abs)        0000
__Lspace_4               (abs)        0000
__Lstack                 stack        0000
__Lstrings               strings      0000
__Ltext                  text         0000
__S0                     (abs)        0800
__S1                     (abs)        007D
__S3                     (abs)        0000
___bmul                  text5        04FF
___bmul@multiplicand     cstackCOMMON 0070
___bmul@multiplier       cstackCOMMON 0072
___bmul@product          cstackCOMMON 0071
___heap_hi               (abs)        0000
___heap_lo               (abs)        0000
___int_sp                stack        0000
___int_stack_hi          stack        0000
___int_stack_lo          stack        0000
___latbits               (abs)        0002
___lwdiv                 text4        056E
___lwdiv@counter         cstackCOMMON 007C
___lwdiv@dividend        cstackCOMMON 0078
___lwdiv@divisor         cstackCOMMON 0076
___lwdiv@quotient        cstackCOMMON 007A
___sp                    stack        0000
___stack_hi              stack        0000
___stack_lo              stack        0000
___stackhi               (abs)        0000
___stacklo               (abs)        0000
___wmul                  text3        0549
___wmul@multiplicand     cstackCOMMON 0072
___wmul@multiplier       cstackCOMMON 0070
___wmul@product          cstackCOMMON 0074
__end_of_LCD_PIC_init    text7        0629
__end_of_LCD_command     text8        052B
__end_of_LCD_data        text6        04FF
__end_of_LCD_output      text2        07E0
__end_of___bmul          text5        0514
__end_of___lwdiv         text4        05B2
__end_of___wmul          text3        056E
__end_of__initialization cinit        07FC
__end_of_keyscane        text1        06F5
__end_of_main            maintext     04D8
__initialization         cinit        07E0
__pbssBANK0              bssBANK0     003E
__pcstackBANK0           cstackBANK0  004C
__pcstackCOMMON          cstackCOMMON 0070
__pdataBANK0             dataBANK0    0020
__pidataBANK0            idataBANK0   052B
__pmaintext              maintext     04CA
__ptext1                 text1        0629
__ptext2                 text2        06F5
__ptext3                 text3        0549
__ptext4                 text4        056E
__ptext5                 text5        04FF
__ptext6                 text6        04EB
__ptext7                 text7        05B2
__ptext8                 text8        0514
_array                   dataBANK0    0020
_d1                      bssBANK0     0042
_d2                      bssBANK0     0044
_d3                      bssBANK0     0046
_d4                      bssBANK0     0048
_j                       bssBANK0     0040
_keyscane                text1        0629
_main                    maintext     04CA
_value                   bssBANK0     004A
_x                       bssBANK0     004B
btemp                    (abs)        007E
end_of_initialization    cinit        07FC
init_fetch0              inittext     04D8
init_ram0                inittext     04DC
intlevel0                functab      0000
intlevel1                functab      0000
intlevel2                functab      0000
intlevel3                functab      0000
intlevel4                functab      0000
intlevel5                functab      0000
reset_vec                reset_vec    0000
start                    init         0000
start_initialization     cinit        07E0
wtemp0                   (abs)        007E


MODULE INFORMATION

Module		Function		Class		Link	Load	Size
C:\Program Files\Microchip\xc8\v2.45\pic\sources\c99\common\Umul16.c
		___wmul        		CODE           	0549	0000	37

C:\Program Files\Microchip\xc8\v2.45\pic\sources\c99\common\Umul16.c estimated size: 37

C:\Program Files\Microchip\xc8\v2.45\pic\sources\c99\common\Umul8.c
		___bmul        		CODE           	04FF	0000	21

C:\Program Files\Microchip\xc8\v2.45\pic\sources\c99\common\Umul8.c estimated size: 21

LCD_SWITCH_week4.c
		_main          		CODE           	04CA	0000	14
		_LCD_PIC_init  		CODE           	05B2	0000	119
		_keyscane      		CODE           	0629	0000	204
		_LCD_output    		CODE           	06F5	0000	235
		_LCD_command   		CODE           	0514	0000	23
		_LCD_data      		CODE           	04EB	0000	20

LCD_SWITCH_week4.c estimated size: 615

shared
		__initialization		CODE           	07E0	0000	28

shared estimated size: 28

C:\Program Files\Microchip\xc8\v2.45\pic\sources\c99\common\lwdiv.c
		___lwdiv       		CODE           	056E	0000	68

C:\Program Files\Microchip\xc8\v2.45\pic\sources\c99\common\lwdiv.c estimated size: 68

