Microchip MPLAB XC8 Compiler V2.45

Linker command line:

-W-3 \
  --edf=C:\Program Files\Microchip\xc8\v2.45\pic\dat\20230818022343_en.msgs \
  -cn -h+dist/default/production\LCD_number_display.X.production.sym \
  --cmf=dist/default/production\LCD_number_display.X.production.cmf -z \
  -Q16F877A -oC:\Users\Abinaya\AppData\Local\Temp\xcAs530.\driver_tmp_3.o \
  --defsym=__MPLAB_BUILD=1 --fixupoverflow=error \
  -Mdist/default/production/LCD_number_display.X.production.map \
  --md=C:\Users\Abinaya\AppData\Local\Temp\xcAs530.\driver_tmp_0.dat -E1 \
  -ver=XC8 Compiler --acfsm=1493 -ACODE=00h-07FFhx4 -ASTRCODE=00h-01FFFh \
  -ASTRING=00h-0FFhx32 -ACONST=00h-0FFhx32 -AENTRY=00h-0FFhx32 \
  -ACOMMON=070h-07Fh -ABANK0=020h-06Fh -ABANK1=0A0h-0EFh \
  -ABANK2=0110h-016Fh -ABANK3=0190h-01EFh \
  -ARAM=020h-06Fh,0A0h-0EFh,0110h-016Fh,0190h-01EFh \
  -AABS1=020h-07Fh,0A0h-0EFh,0110h-016Fh,0190h-01EFh -ASFR0=00h-01Fh \
  -ASFR1=080h-09Fh -ASFR2=0100h-010Fh -ASFR3=0180h-018Fh \
  -ACONFIG=02007h-02007h -DCONFIG=2 -AIDLOC=02000h-02003h -DIDLOC=2 \
  -AEEDATA=00h-0FFh/02100h -peeprom_data=EEDATA -DEEDATA=2 -DCODE=2 \
  -DSTRCODE=2 -DSTRING=2 -DCONST=2 -DENTRY=2 \
  -preset_vec=00h,intentry,init,end_init -ppowerup=CODE -pcinit=CODE \
  -pfunctab=ENTRY -k \
  C:\Users\Abinaya\AppData\Local\Temp\xcAs530.\driver_tmp_12.o \
  dist/default/production\LCD_number_display.X.production.o 

Object code version is 3.11

Machine type is 16F877A



                Name                               Link     Load   Length Selector   Space Scale
C:\Users\Abinaya\AppData\Local\Temp\xcAs530.\driver_tmp_12.o
                end_init                              0        0        3        0       0
                config                             2007     2007        1        0       4
dist/default/production\LCD_number_display.X.production.o
                cinit                               7F3      7F3        D      FE6       0
                config                             2007     2007        1        0       4
                text6                               679      679       18      CF2       0
                text5                               785      785       6E      F0A       0
                text4                               64F      64F       15      C9E       0
                text3                               664      664       15      CC8       0
                text2                               691      691       44      D22       0
                text1                               71D      71D       68      E3A       0
                maintext                            6D5      6D5       48      DAA       0
                cstackBANK0                          32       32        4       20       1
                cstackCOMMON                         70       70        E       70       1
                clrtext                             647      647        8      C8E       0
                bssBANK0                             20       20       12       20       1

TOTAL           Name                               Link     Load   Length     Space
        CLASS   CODE           
                end_init                              0        0        3         0
                cinit                               7F3      7F3        D         0
                text6                               679      679       18         0
                text5                               785      785       6E         0
                text4                               64F      64F       15         0
                text3                               664      664       15         0
                text2                               691      691       44         0
                text1                               71D      71D       68         0
                maintext                            6D5      6D5       48         0
                clrtext                             647      647        8         0

        CLASS   STRCODE        

        CLASS   STRING         

        CLASS   CONST          

        CLASS   ENTRY          

        CLASS   COMMON         
                cstackCOMMON                         70       70        E         1

        CLASS   BANK0          
                cstackBANK0                          32       32        4         1
                bssBANK0                             20       20       12         1

        CLASS   BANK1          

        CLASS   BANK2          

        CLASS   BANK3          

        CLASS   RAM            

        CLASS   ABS1           
                abs_s1                               7E       7E        2         1

        CLASS   SFR0           

        CLASS   SFR1           

        CLASS   SFR2           

        CLASS   SFR3           

        CLASS   CONFIG         
                config                             2007     2007        1         4

        CLASS   IDLOC          

        CLASS   EEDATA         

        CLASS   HEAP           

        CLASS   STACK          



SEGMENTS        Name                           Load    Length   Top    Selector   Space  Class     Delta

                reset_vec                      000000  000003  000003         0       0  CODE        2
                bssBANK0                       000020  000016  000036        20       1  BANK0       1
                cstackCOMMON                   000070  00000E  00007E        70       1  COMMON      1
                clrtext                        000647  000008  00064F       C8E       0  CODE        2
                text4                          00064F  000015  000664       C9E       0  CODE        2
                text3                          000664  000015  000679       CC8       0  CODE        2
                text6                          000679  000018  000691       CF2       0  CODE        2
                text2                          000691  000044  0006D5       D22       0  CODE        2
                maintext                       0006D5  000048  00071D       DAA       0  CODE        2
                text1                          00071D  000068  000785       E3A       0  CODE        2
                text5                          000785  00006E  0007F3       F0A       0  CODE        2
                cinit                          0007F3  00000D  000800       FE6       0  CODE        2


UNUSED ADDRESS RANGES

        Name                Unused          Largest block    Delta
        BANK0            0036-006F             3A           1
        BANK1            00A0-00EF             50           1
        BANK2            0110-016F             60           1
        BANK3            0190-01EF             60           1
        CODE             0003-0646            644           2
                         0800-1FFF            800
        CONST            0003-0646            100           2
                         0800-1FFF            100
        EEDATA           2100-21FF            100           2
        ENTRY            0003-0646            100           2
                         0800-1FFF            100
        IDLOC            2000-2003              4           2
        RAM              0036-006F             3A           1
                         00A0-00EF             50
                         0110-016F             60
                         0190-01EF             60
        SFR0             0000-001F             20           1
        SFR1             0080-009F             20           1
        SFR2             0100-010F             10           1
        SFR3             0180-018F             10           1
        STRCODE          0003-0646            644           2
                         0800-1FFF           1800
        STRING           0003-0646            100           2
                         0800-1FFF            100

                                  Symbol Table

?___lwdiv                cstackCOMMON 0070
LCD_command@hex          cstackCOMMON 0072
LCD_data@hex             cstackCOMMON 0072
LCD_output@i             cstackBANK0  0035
LCD_output@j             cstackBANK0  0033
LCD_output@n             cstackCOMMON 007A
LCD_output@result        cstackBANK0  0032
_LCD_PIC_init            text5        0785
_LCD_command             text6        0679
_LCD_data                text4        064F
_LCD_output              text1        071D
_PORTC                   (abs)        0007
_PORTD                   (abs)        0008
_RD7                     (abs)        0047
_TRISC                   (abs)        0087
_TRISD                   (abs)        0088
__H__absolute__          __absolute__ 0000
__Habs1                  abs1         0000
__Hbank0                 bank0        0000
__Hbank1                 bank1        0000
__Hbank2                 bank2        0000
__Hbank3                 bank3        0000
__HbssBANK0              bssBANK0     0000
__Hcinit                 cinit        0800
__Hclrtext               clrtext      0000
__Hcode                  code         0000
__Hcommon                common       0000
__Hconfig                config       2008
__HcstackBANK0           cstackBANK0  0000
__HcstackCOMMON          cstackCOMMON 0000
__Heeprom_data           eeprom_data  0000
__Hend_init              end_init     0003
__Hfunctab               functab      0000
__Hheap                  heap         0000
__Hinit                  init         0000
__Hintentry              intentry     0000
__Hmaintext              maintext     0000
__Hpowerup               powerup      0000
__Hram                   ram          0000
__Hreset_vec             reset_vec    0000
__Hsfr0                  sfr0         0000
__Hsfr1                  sfr1         0000
__Hsfr2                  sfr2         0000
__Hsfr3                  sfr3         0000
__Hspace_0               (abs)        0800
__Hspace_1               (abs)        007E
__Hspace_2               (abs)        0000
__Hspace_3               (abs)        0000
__Hspace_4               (abs)        400F
__Hstack                 stack        0000
__Hstrings               strings      0000
__Htext                  text         0000
__L__absolute__          __absolute__ 0000
__Labs1                  abs1         0000
__Lbank0                 bank0        0000
__Lbank1                 bank1        0000
__Lbank2                 bank2        0000
__Lbank3                 bank3        0000
__LbssBANK0              bssBANK0     0000
__Lcinit                 cinit        07F3
__Lclrtext               clrtext      0000
__Lcode                  code         0000
__Lcommon                common       0000
__Lconfig                config       0000
__LcstackBANK0           cstackBANK0  0000
__LcstackCOMMON          cstackCOMMON 0000
__Leeprom_data           eeprom_data  0000
__Lend_init              end_init     0000
__Lfunctab               functab      0000
__Lheap                  heap         0000
__Linit                  init         0000
__Lintentry              intentry     0000
__Lmaintext              maintext     0000
__Lpowerup               powerup      0000
__Lram                   ram          0000
__Lreset_vec             reset_vec    0000
__Lsfr0                  sfr0         0000
__Lsfr1                  sfr1         0000
__Lsfr2                  sfr2         0000
__Lsfr3                  sfr3         0000
__Lspace_0               (abs)        0000
__Lspace_1               (abs)        0000
__Lspace_2               (abs)        0000
__Lspace_3               (abs)        0000
__Lspace_4               (abs)        0000
__Lstack                 stack        0000
__Lstrings               strings      0000
__Ltext                  text         0000
__S0                     (abs)        0800
__S1                     (abs)        007E
__S3                     (abs)        0000
___bmul                  text3        0664
___bmul@multiplicand     cstackCOMMON 0077
___bmul@multiplier       cstackCOMMON 0079
___bmul@product          cstackCOMMON 0078
___heap_hi               (abs)        0000
___heap_lo               (abs)        0000
___int_sp                stack        0000
___int_stack_hi          stack        0000
___int_stack_lo          stack        0000
___latbits               (abs)        0002
___lwdiv                 text2        0691
___lwdiv@counter         cstackCOMMON 0076
___lwdiv@dividend        cstackCOMMON 0072
___lwdiv@divisor         cstackCOMMON 0070
___lwdiv@quotient        cstackCOMMON 0074
___sp                    stack        0000
___stack_hi              stack        0000
___stack_lo              stack        0000
___stackhi               (abs)        0000
___stacklo               (abs)        0000
__end_of_LCD_PIC_init    text5        07F3
__end_of_LCD_command     text6        0691
__end_of_LCD_data        text4        0664
__end_of_LCD_output      text1        0785
__end_of___bmul          text3        0679
__end_of___lwdiv         text2        06D5
__end_of__initialization cinit        07FC
__end_of_main            maintext     071D
__initialization         cinit        07F3
__pbssBANK0              bssBANK0     0020
__pcstackBANK0           cstackBANK0  0032
__pcstackCOMMON          cstackCOMMON 0070
__pmaintext              maintext     06D5
__ptext1                 text1        071D
__ptext2                 text2        0691
__ptext3                 text3        0664
__ptext4                 text4        064F
__ptext5                 text5        0785
__ptext6                 text6        0679
_equal                   bssBANK0     0031
_main                    maintext     06D5
_num1                    bssBANK0     002E
_num2                    bssBANK0     002C
_num_arr                 bssBANK0     0020
_plus                    bssBANK0     0030
_sum                     bssBANK0     002A
btemp                    (abs)        007E
clear_ram0               clrtext      0647
end_of_initialization    cinit        07FC
intlevel0                functab      0000
intlevel1                functab      0000
intlevel2                functab      0000
intlevel3                functab      0000
intlevel4                functab      0000
intlevel5                functab      0000
reset_vec                reset_vec    0000
start                    init         0000
start_initialization     cinit        07F3
wtemp0                   (abs)        007E


MODULE INFORMATION

Module		Function		Class		Link	Load	Size
C:\Program Files\Microchip\xc8\v2.45\pic\sources\c99\common\Umul8.c
		___bmul        		CODE           	0664	0000	21

C:\Program Files\Microchip\xc8\v2.45\pic\sources\c99\common\Umul8.c estimated size: 21

LCD_number_display.c
		_main          		CODE           	06D5	0000	72
		_LCD_PIC_init  		CODE           	0785	0000	110
		_LCD_output    		CODE           	071D	0000	104
		_LCD_command   		CODE           	0679	0000	24
		_LCD_data      		CODE           	064F	0000	21

LCD_number_display.c estimated size: 331

shared
		__initialization		CODE           	07F3	0000	9

shared estimated size: 9

C:\Program Files\Microchip\xc8\v2.45\pic\sources\c99\common\lwdiv.c
		___lwdiv       		CODE           	0691	0000	68

C:\Program Files\Microchip\xc8\v2.45\pic\sources\c99\common\lwdiv.c estimated size: 68

