Microchip MPLAB XC8 Compiler V2.45

Linker command line:

-W-3 \
  --edf=C:\Program Files\Microchip\xc8\v2.45\pic\dat\20230818022343_en.msgs \
  -cn -h+dist/default/production\Week4_LCD_batt.X.production.sym \
  --cmf=dist/default/production\Week4_LCD_batt.X.production.cmf -z \
  -Q16F877A -oC:\Users\Abinaya\AppData\Local\Temp\xcAsbig.\driver_tmp_3.o \
  --defsym=__MPLAB_BUILD=1 --fixupoverflow=error \
  -Mdist/default/production/Week4_LCD_batt.X.production.map \
  --md=C:\Users\Abinaya\AppData\Local\Temp\xcAsbig.\driver_tmp_0.dat -E1 \
  -ver=XC8 Compiler --acfsm=1493 -ACODE=00h-07FFhx4 -ASTRCODE=00h-01FFFh \
  -ASTRING=00h-0FFhx32 -ACONST=00h-0FFhx32 -AENTRY=00h-0FFhx32 \
  -ACOMMON=070h-07Fh -ABANK0=020h-06Fh -ABANK1=0A0h-0EFh \
  -ABANK2=0110h-016Fh -ABANK3=0190h-01EFh \
  -ARAM=020h-06Fh,0A0h-0EFh,0110h-016Fh,0190h-01EFh \
  -AABS1=020h-07Fh,0A0h-0EFh,0110h-016Fh,0190h-01EFh -ASFR0=00h-01Fh \
  -ASFR1=080h-09Fh -ASFR2=0100h-010Fh -ASFR3=0180h-018Fh \
  -ACONFIG=02007h-02007h -DCONFIG=2 -AIDLOC=02000h-02003h -DIDLOC=2 \
  -AEEDATA=00h-0FFh/02100h -peeprom_data=EEDATA -DEEDATA=2 -DCODE=2 \
  -DSTRCODE=2 -DSTRING=2 -DCONST=2 -DENTRY=2 \
  -preset_vec=00h,intentry,init,end_init -ppowerup=CODE -pcinit=CODE \
  -pfunctab=ENTRY -k \
  C:\Users\Abinaya\AppData\Local\Temp\xcAsbig.\driver_tmp_12.o \
  dist/default/production\Week4_LCD_batt.X.production.o 

Object code version is 3.11

Machine type is 16F877A



                Name                               Link     Load   Length Selector   Space Scale
C:\Users\Abinaya\AppData\Local\Temp\xcAsbig.\driver_tmp_12.o
                end_init                              0        0        3        0       0
                config                             2007     2007        1        0       4
dist/default/production\Week4_LCD_batt.X.production.o
                cinit                               7E2      7E2       1E      FC4       0
                config                             2007     2007        1        0       4
                text15                                D        D       17       1A       0
                text14                              A1D      A1D       77     143A       0
                text13                              999      999       14     1332       0
                text12                               64       64      1D5       C8       0
                text11                              9F6      9F6       27     13EC       0
                text10                              49D      49D      345      93A       0
                text9                               239      239      264      472       0
                text8                               9AD      9AD       24     135A       0
                text7                               A94      A94       78     1528       0
                text6                               9D1      9D1       25     13A2       0
                text5                               BAE      BAE       BA     175C       0
                text4                               D6A      D6A      138     1AD4       0
                text3                               B0C      B0C       A2     1618       0
                text2                               C68      C68      102     18D0       0
                text1                               EA2      EA2      15E     1D44       0
                maintext                            978      978        E     12F0       0
                cstackBANK0                          20       20       4F       20       1
                cstackCOMMON                         70       70        E       70       1
                cstackBANK1                          E7       E7        4       A0       1
                inittext                            986      986       13     130C       0
                dataBANK1                            A0       A0       40       A0       1
                bssBANK1                             E0       E0        7       A0       1
                bssBANK0                             6F       6F        1       20       1
                idataBANK1                           24       24       40       48       0

TOTAL           Name                               Link     Load   Length     Space
        CLASS   CODE           
                end_init                              0        0        3         0
                cinit                               7E2      7E2       1E         0
                text15                                D        D       17         0
                text14                              A1D      A1D       77         0
                text13                              999      999       14         0
                text12                               64       64      1D5         0
                text11                              9F6      9F6       27         0
                text10                              49D      49D      345         0
                text9                               239      239      264         0
                text8                               9AD      9AD       24         0
                text7                               A94      A94       78         0
                text6                               9D1      9D1       25         0
                text5                               BAE      BAE       BA         0
                text4                               D6A      D6A      138         0
                text3                               B0C      B0C       A2         0
                text2                               C68      C68      102         0
                text1                               EA2      EA2      15E         0
                maintext                            978      978        E         0
                inittext                            986      986       13         0
                idataBANK1                           24       24       40         0

        CLASS   STRCODE        

        CLASS   STRING         

        CLASS   CONST          

        CLASS   ENTRY          

        CLASS   COMMON         
                cstackCOMMON                         70       70        E         1

        CLASS   BANK0          
                cstackBANK0                          20       20       4F         1
                bssBANK0                             6F       6F        1         1

        CLASS   BANK1          
                cstackBANK1                          E7       E7        4         1
                dataBANK1                            A0       A0       40         1
                bssBANK1                             E0       E0        7         1

        CLASS   BANK2          

        CLASS   BANK3          

        CLASS   RAM            

        CLASS   ABS1           
                abs_s1                               7E       7E        2         1

        CLASS   SFR0           

        CLASS   SFR1           

        CLASS   SFR2           

        CLASS   SFR3           

        CLASS   CONFIG         
                config                             2007     2007        1         4

        CLASS   IDLOC          

        CLASS   EEDATA         

        CLASS   HEAP           

        CLASS   STACK          



SEGMENTS        Name                           Load    Length   Top    Selector   Space  Class     Delta

                reset_vec                      000000  000003  000003         0       0  CODE        2
                text15                         00000D  000017  000024        1A       0  CODE        2
                cstackBANK0                    000020  000050  000070        20       1  BANK0       1
                idataBANK1                     000024  000040  000064        48       0  CODE        2
                cstackCOMMON                   000070  00000E  00007E        70       1  COMMON      1
                dataBANK1                      0000A0  00004B  0000EB        A0       1  BANK1       1
                text12                         000064  0001D5  000239        C8       0  CODE        2
                text9                          000239  000264  00049D       472       0  CODE        2
                text10                         00049D  000345  0007E2       93A       0  CODE        2
                cinit                          0007E2  00001E  000800       FC4       0  CODE        2
                maintext                       000978  00000E  000986      12F0       0  CODE        2
                inittext                       000986  000013  000999      130C       0  CODE        2
                text13                         000999  000014  0009AD      1332       0  CODE        2
                text8                          0009AD  000024  0009D1      135A       0  CODE        2
                text6                          0009D1  000025  0009F6      13A2       0  CODE        2
                text11                         0009F6  000027  000A1D      13EC       0  CODE        2
                text14                         000A1D  000077  000A94      143A       0  CODE        2
                text7                          000A94  000078  000B0C      1528       0  CODE        2
                text3                          000B0C  0000A2  000BAE      1618       0  CODE        2
                text5                          000BAE  0000BA  000C68      175C       0  CODE        2
                text2                          000C68  000102  000D6A      18D0       0  CODE        2
                text4                          000D6A  000138  000EA2      1AD4       0  CODE        2
                text1                          000EA2  00015E  001000      1D44       0  CODE        2


UNUSED ADDRESS RANGES

        Name                Unused          Largest block    Delta
        BANK1            00EB-00EF              5           1
        BANK2            0110-016F             60           1
        BANK3            0190-01EF             60           1
        CODE             0003-000C              A           2
                         0800-0977            178
                         1000-1FFF            800
        CONST            0003-000C              A           2
                         0800-0977            100
                         1000-1FFF            100
        EEDATA           2100-21FF            100           2
        ENTRY            0003-000C              A           2
                         0800-0977            100
                         1000-1FFF            100
        IDLOC            2000-2003              4           2
        RAM              00EB-00EF              5           1
                         0110-016F             60
                         0190-01EF             60
        SFR0             0000-001F             20           1
        SFR1             0080-009F             20           1
        SFR2             0100-010F             10           1
        SFR3             0180-018F             10           1
        STRCODE          0003-000C              A           2
                         0800-0977            178
                         1000-1FFF           1000
        STRING           0003-000C              A           2
                         0800-0977            100
                         1000-1FFF            100

                                  Symbol Table

?__Umul8_16              cstackCOMMON 0070
?___fladd                cstackCOMMON 0070
?___fldiv                cstackCOMMON 0070
?___flmul                cstackBANK0  004D
?___flsub                cstackBANK0  0045
?___fltol                cstackBANK0  002D
?___wmul                 cstackCOMMON 0070
?___xxtofl               cstackBANK0  0037
LCD_command@hex          cstackCOMMON 0072
LCD_data@hex             cstackCOMMON 0072
LCD_output@i             cstackBANK0  0067
_BATT_MSG1               dataBANK1    00C0
_BATT_MSG2               dataBANK1    00B0
_BATT_MSG3               dataBANK1    00A0
_BATT_VAL                bssBANK1     00E0
_LCD_PIC_init            text14       0A1D
_LCD_command             text15       000D
_LCD_data                text13       0999
_LCD_output              text4        0D6A
_LCD_output$688          cstackBANK1  00E7
_PORTB                   (abs)        0006
_PORTC                   (abs)        0007
_PORTD                   (abs)        0008
_TRISB                   (abs)        0086
_TRISC                   (abs)        0087
_TRISD                   (abs)        0088
__H__absolute__          __absolute__ 0000
__Habs1                  abs1         0000
__Hbank0                 bank0        0000
__Hbank1                 bank1        0000
__Hbank2                 bank2        0000
__Hbank3                 bank3        0000
__HbssBANK0              bssBANK0     0000
__HbssBANK1              bssBANK1     0000
__Hcinit                 cinit        0800
__Hclrtext               clrtext      0000
__Hcode                  code         0000
__Hcommon                common       0000
__Hconfig                config       2008
__HcstackBANK0           cstackBANK0  0000
__HcstackBANK1           cstackBANK1  0000
__HcstackCOMMON          cstackCOMMON 0000
__HdataBANK1             dataBANK1    0000
__Heeprom_data           eeprom_data  0000
__Hend_init              end_init     0003
__Hfunctab               functab      0000
__Hheap                  heap         0000
__HidataBANK1            idataBANK1   0000
__Hinit                  init         0000
__Hinittext              inittext     0000
__Hintentry              intentry     0000
__Hmaintext              maintext     0000
__Hpowerup               powerup      0000
__Hram                   ram          0000
__Hreset_vec             reset_vec    0000
__Hsfr0                  sfr0         0000
__Hsfr1                  sfr1         0000
__Hsfr2                  sfr2         0000
__Hsfr3                  sfr3         0000
__Hspace_0               (abs)        1000
__Hspace_1               (abs)        00EB
__Hspace_2               (abs)        0000
__Hspace_3               (abs)        0000
__Hspace_4               (abs)        400F
__Hstack                 stack        0000
__Hstrings               strings      0000
__Htext                  text         0000
__L__absolute__          __absolute__ 0000
__Labs1                  abs1         0000
__Lbank0                 bank0        0000
__Lbank1                 bank1        0000
__Lbank2                 bank2        0000
__Lbank3                 bank3        0000
__LbssBANK0              bssBANK0     0000
__LbssBANK1              bssBANK1     0000
__Lcinit                 cinit        07E2
__Lclrtext               clrtext      0000
__Lcode                  code         0000
__Lcommon                common       0000
__Lconfig                config       0000
__LcstackBANK0           cstackBANK0  0000
__LcstackBANK1           cstackBANK1  0000
__LcstackCOMMON          cstackCOMMON 0000
__LdataBANK1             dataBANK1    0000
__Leeprom_data           eeprom_data  0000
__Lend_init              end_init     0000
__Lfunctab               functab      0000
__Lheap                  heap         0000
__LidataBANK1            idataBANK1   0000
__Linit                  init         0000
__Linittext              inittext     0000
__Lintentry              intentry     0000
__Lmaintext              maintext     0000
__Lpowerup               powerup      0000
__Lram                   ram          0000
__Lreset_vec             reset_vec    0000
__Lsfr0                  sfr0         0000
__Lsfr1                  sfr1         0000
__Lsfr2                  sfr2         0000
__Lsfr3                  sfr3         0000
__Lspace_0               (abs)        0000
__Lspace_1               (abs)        0000
__Lspace_2               (abs)        0000
__Lspace_3               (abs)        0000
__Lspace_4               (abs)        0000
__Lstack                 stack        0000
__Lstrings               strings      0000
__Ltext                  text         0000
__S0                     (abs)        1000
__S1                     (abs)        00EB
__S3                     (abs)        0000
__Umul8_16               text11       09F6
__Umul8_16@multiplicand  cstackCOMMON 0070
__Umul8_16@multiplier    cstackCOMMON 0078
__Umul8_16@product       cstackCOMMON 0074
__Umul8_16@word_mpld     cstackCOMMON 0076
___fladd                 text9        0239
___fladd@a               cstackCOMMON 0074
___fladd@aexp            cstackCOMMON 0079
___fladd@b               cstackCOMMON 0070
___fladd@bexp            cstackCOMMON 007A
___fladd@grs             cstackCOMMON 007B
___fladd@signs           cstackCOMMON 0078
___fldiv                 text12       0064
___fldiv@a               cstackCOMMON 0070
___fldiv@aexp            cstackBANK0  002C
___fldiv@b               cstackCOMMON 0074
___fldiv@bexp            cstackBANK0  002B
___fldiv@grs             cstackBANK0  0027
___fldiv@new_exp         cstackBANK0  0025
___fldiv@rem             cstackBANK0  0020
___fldiv@sign            cstackBANK0  0024
___flge                  text3        0B0C
___flge@ff1              cstackCOMMON 0070
___flge@ff2              cstackCOMMON 0074
___flmul                 text10       049D
___flmul@a               cstackBANK0  0051
___flmul@aexp            cstackBANK0  005F
___flmul@b               cstackBANK0  004D
___flmul@bexp            cstackBANK0  0060
___flmul@grs             cstackBANK0  005B
___flmul@prod            cstackBANK0  0061
___flmul@sign            cstackBANK0  005A
___flmul@temp            cstackBANK0  0065
___flsub                 text8        09AD
___flsub@a               cstackBANK0  0045
___flsub@b               cstackBANK0  0049
___fltol                 text7        0A94
___fltol@exp1            cstackBANK0  0036
___fltol@f1              cstackBANK0  002D
___fltol@sign1           cstackBANK0  0035
___heap_hi               (abs)        0000
___heap_lo               (abs)        0000
___int_sp                stack        0000
___int_stack_hi          stack        0000
___int_stack_lo          stack        0000
___latbits               (abs)        0002
___sp                    stack        0000
___stack_hi              stack        0000
___stack_lo              stack        0000
___stackhi               (abs)        0000
___stacklo               (abs)        0000
___wmul                  text6        09D1
___wmul@multiplicand     cstackCOMMON 0072
___wmul@multiplier       cstackCOMMON 0070
___wmul@product          cstackCOMMON 0074
___xxtofl                text5        0BAE
___xxtofl@arg            cstackBANK0  0041
___xxtofl@exp            cstackBANK0  0040
___xxtofl@sign           cstackBANK0  003F
___xxtofl@val            cstackBANK0  0037
__end_of_LCD_PIC_init    text14       0A94
__end_of_LCD_command     text15       0024
__end_of_LCD_data        text13       09AD
__end_of_LCD_output      text4        0EA2
__end_of__Umul8_16       text11       0A1D
__end_of___fladd         text9        049D
__end_of___fldiv         text12       0239
__end_of___flge          text3        0BAE
__end_of___flmul         text10       07E2
__end_of___flsub         text8        09D1
__end_of___fltol         text7        0B0C
__end_of___wmul          text6        09F6
__end_of___xxtofl        text5        0C68
__end_of__initialization cinit        07FC
__end_of_batt_msg        text2        0D6A
__end_of_keyscane        text1        1000
__end_of_main            maintext     0986
__initialization         cinit        07E2
__pbssBANK0              bssBANK0     006F
__pbssBANK1              bssBANK1     00E0
__pcstackBANK0           cstackBANK0  0020
__pcstackBANK1           cstackBANK1  00E7
__pcstackCOMMON          cstackCOMMON 0070
__pdataBANK1             dataBANK1    00A0
__pidataBANK1            idataBANK1   0024
__pmaintext              maintext     0978
__ptext1                 text1        0EA2
__ptext10                text10       049D
__ptext11                text11       09F6
__ptext12                text12       0064
__ptext13                text13       0999
__ptext14                text14       0A1D
__ptext15                text15       000D
__ptext2                 text2        0C68
__ptext3                 text3        0B0C
__ptext4                 text4        0D6A
__ptext5                 text5        0BAE
__ptext6                 text6        09D1
__ptext7                 text7        0A94
__ptext8                 text8        09AD
__ptext9                 text9        0239
_array                   dataBANK1    00D0
_batt_msg                text2        0C68
_d0                      bssBANK1     00E4
_d1                      bssBANK1     00E5
_d2                      bssBANK0     006F
_keyscane                text1        0EA2
_main                    maintext     0978
_value                   bssBANK1     00E6
batt_msg@x               cstackBANK0  0020
batt_msg@x_76            cstackBANK0  0021
batt_msg@x_77            cstackBANK0  0022
btemp                    (abs)        007E
end_of_initialization    cinit        07FC
init_fetch0              inittext     0986
init_ram0                inittext     098A
intlevel0                functab      0000
intlevel1                functab      0000
intlevel2                functab      0000
intlevel3                functab      0000
intlevel4                functab      0000
intlevel5                functab      0000
keyscane@x               cstackCOMMON 007D
reset_vec                reset_vec    0000
start                    init         0000
start_initialization     cinit        07E2
wtemp0                   (abs)        007E


MODULE INFORMATION

Module		Function		Class		Link	Load	Size
C:\Program Files\Microchip\xc8\v2.45\pic\sources\c99\common\Umul16.c
		___wmul        		CODE           	09D1	0000	37

C:\Program Files\Microchip\xc8\v2.45\pic\sources\c99\common\Umul16.c estimated size: 37

C:\Program Files\Microchip\xc8\v2.45\pic\sources\c99\common\sprcmul.c
		___flmul       		CODE           	049D	0000	837

C:\Program Files\Microchip\xc8\v2.45\pic\sources\c99\common\sprcmul.c estimated size: 837

C:\Program Files\Microchip\xc8\v2.45\pic\sources\c99\common\sprcdiv.c
		___fldiv       		CODE           	0064	0000	469

C:\Program Files\Microchip\xc8\v2.45\pic\sources\c99\common\sprcdiv.c estimated size: 469

LCD_batt.c
		_batt_msg      		CODE           	0C68	0000	258
		_main          		CODE           	0978	0000	14
		_LCD_PIC_init  		CODE           	0A1D	0000	119
		_keyscane      		CODE           	0EA2	0000	350
		_LCD_output    		CODE           	0D6A	0000	312
		_LCD_command   		CODE           	000D	0000	23
		_LCD_data      		CODE           	0999	0000	20

LCD_batt.c estimated size: 1096

C:\Program Files\Microchip\xc8\v2.45\pic\sources\c99\common\flge.c
		___flge        		CODE           	0B0C	0000	162

C:\Program Files\Microchip\xc8\v2.45\pic\sources\c99\common\flge.c estimated size: 162

shared
		__initialization		CODE           	07E2	0000	26

shared estimated size: 26

C:\Program Files\Microchip\xc8\v2.45\pic\sources\c99\common\xxtofl.c
		___xxtofl      		CODE           	0BAE	0000	186

C:\Program Files\Microchip\xc8\v2.45\pic\sources\c99\common\xxtofl.c estimated size: 186

C:\Program Files\Microchip\xc8\v2.45\pic\sources\c99\common\Umul8_16.c
		__Umul8_16     		CODE           	09F6	0000	39

C:\Program Files\Microchip\xc8\v2.45\pic\sources\c99\common\Umul8_16.c estimated size: 39

C:\Program Files\Microchip\xc8\v2.45\pic\sources\c99\common\sprcadd.c
		___flsub       		CODE           	09AD	0000	36
		___fladd       		CODE           	0239	0000	612

C:\Program Files\Microchip\xc8\v2.45\pic\sources\c99\common\sprcadd.c estimated size: 648

C:\Program Files\Microchip\xc8\v2.45\pic\sources\c99\common\fltol.c
		___fltol       		CODE           	0A94	0000	120

C:\Program Files\Microchip\xc8\v2.45\pic\sources\c99\common\fltol.c estimated size: 120

